Drill report for k2_v4_8L.l8.kicad_pcb
Created on 2026-09-27T17:10:09

Copper Layer Stackup:
    =============================================================
    L1 :  F.Cu                      front
    L2 :  In1.Cu                    in1
    L3 :  In2.Cu                    in2
    L4 :  In3.Cu                    in3
    L5 :  In4.Cu                    in4
    L6 :  In5.Cu                    in5
    L7 :  In6.Cu                    in6
    L8 :  B.Cu                      back


Drill file 'k2_v4_8L.l8.drl' contains
    plated through holes:
    =============================================================
    T1  0.200mm  0.0079"  (279 holes))
    T2  0.800mm  0.0315"  (16 holes))

    Total plated holes count 295


Drill file 'k2_v4_8L.l8-front-in1.drl' contains
    holes connecting layer pair: 'F.Cu and In1.Cu' (blind vias):
    =============================================================
    T1  0.200mm  0.0079"  (171 holes))

    Total plated holes count 171


Drill file 'k2_v4_8L.l8-front-in2.drl' contains
    holes connecting layer pair: 'F.Cu and In2.Cu' (blind vias):
    =============================================================
    T1  0.200mm  0.0079"  (132 holes))

    Total plated holes count 132


Drill file 'k2_v4_8L.l8-front-in4.drl' contains
    holes connecting layer pair: 'F.Cu and In4.Cu' (blind vias):
    =============================================================
    T1  0.200mm  0.0079"  (4 holes))

    Total plated holes count 4


Drill file 'k2_v4_8L.l8-front-in5.drl' contains
    holes connecting layer pair: 'F.Cu and In5.Cu' (blind vias):
    =============================================================
    T1  0.200mm  0.0079"  (19 holes))

    Total plated holes count 19


Drill file 'k2_v4_8L.l8-back-in5.drl' contains
    holes connecting layer pair: 'B.Cu and In5.Cu' (buried vias):
    =============================================================
    T1  0.200mm  0.0079"  (37 holes))

    Total plated holes count 37


Drill file 'k2_v4_8L.l8-in2-in5.drl' contains
    holes connecting layer pair: 'In2.Cu and In5.Cu' (buried vias):
    =============================================================
    T1  0.200mm  0.0079"  (92 holes))

    Total plated holes count 92


Not plated through holes are merged with plated holes
    unplated through holes:
    =============================================================
    T3  3.200mm  0.1260"  (4 holes))

    Total unplated holes count 4
