belt candidates for 16 lanes ...
belt cands/lane=16
candidates: {'belt': 256, 'in': 226, 'out': 249}
  OUT0_N_J2      cands {'belt': 16, 'in': 11, 'out': 14}
  OUT0_P_J2      cands {'belt': 16, 'in': 16, 'out': 16}
  OUT1_N_J2      cands {'belt': 16, 'in': 16, 'out': 16}
  OUT1_P_J2      cands {'belt': 16, 'in': 11, 'out': 14}
  OUT2_N_J2      cands {'belt': 16, 'in': 11, 'out': 16}
  OUT2_P_J2      cands {'belt': 16, 'in': 16, 'out': 16}
  OUT3_N_J2      cands {'belt': 16, 'in': 16, 'out': 16}
  OUT3_P_J2      cands {'belt': 16, 'in': 11, 'out': 16}
  OUT4_N_J2      cands {'belt': 16, 'in': 11, 'out': 16}
  OUT4_P_J2      cands {'belt': 16, 'in': 16, 'out': 16}
  OUT5_N_J2      cands {'belt': 16, 'in': 16, 'out': 16}
  OUT5_P_J2      cands {'belt': 16, 'in': 11, 'out': 14}
  OUT6_N_J2      cands {'belt': 16, 'in': 16, 'out': 15}
  OUT6_P_J2      cands {'belt': 16, 'in': 16, 'out': 16}
  OUT7_N_J2      cands {'belt': 16, 'in': 16, 'out': 16}
  OUT7_P_J2      cands {'belt': 16, 'in': 16, 'out': 16}
empty-conflicting rows=0
MILP status=2 obj=None 0.0s
binary=UNSAT_IN_BOUNDED_CANDIDATE_SET hash=4a724b14d6d3f6fd elapsed=78.8s
OWNER-ITEMS: 0
