PASS A: cell universe=5202 ; per-lane candidate counts={'OUT0_N_J2': 37769, 'OUT0_P_J2': 210008, 'OUT1_N_J2': 210008, 'OUT1_P_J2': 136226, 'OUT2_N_J2': 15777, 'OUT2_P_J2': 210008, 'OUT3_N_J2': 210008, 'OUT3_P_J2': 33528, 'OUT4_N_J2': 273151, 'OUT4_P_J2': 210008, 'OUT5_N_J2': 210008, 'OUT5_P_J2': 15545, 'OUT6_N_J2': 9490, 'OUT6_P_J2': 210008, 'OUT7_N_J2': 210008, 'OUT7_P_J2': 71245} ; 94.5s
PASS B OUT0_N_J2    unique=37490
PASS B OUT0_P_J2    unique=207732
PASS B OUT1_N_J2    unique=207732
PASS B OUT1_P_J2    unique=132439
PASS B OUT2_N_J2    unique=15675
PASS B OUT2_P_J2    unique=207732
PASS B OUT3_N_J2    unique=207732
PASS B OUT3_P_J2    unique=33409
PASS B OUT4_N_J2    unique=268068
PASS B OUT4_P_J2    unique=207732
PASS B OUT5_N_J2    unique=207732
PASS B OUT5_P_J2    unique=15486
PASS B OUT6_N_J2    unique=9473
PASS B OUT6_P_J2    unique=207732
PASS B OUT7_N_J2    unique=207732
PASS B OUT7_P_J2    unique=70331
PASS B done 196.7s
FULL STREAM ok=False nodes=885 hit=TIMEBOX elapsed=1699.8s
WROTE K2_R694_FULLSTREAM_BINARY_v1.json hash=e73e13a78ce679dc
OWNER-ITEMS: 0
